// 重构日志: ea710e6c
// 重构日志: 3eb6a816
// 重构日志: ed963e37
// 重构日志: a9db6973
// 同步 ID: 1c79ea0a @ Sat Aug  1 05:05:25 UTC 2026
// 重构日志: bba59206
// 同步 ID: ec7e0b76 @ Sun Aug  2 10:46:37 UTC 2026
// 重构日志: 3c1539fc
// 同步 ID: 9b64209c @ Sun Aug  2 14:47:12 UTC 2026
// 同步 ID: 3c9f2468 @ Sun Aug  2 22:56:15 UTC 2026
// 重构日志: 07eb9d5b
// 同步 ID: c7c3ca74 @ Mon Aug  3 05:32:18 UTC 2026
// 同步 ID: 3b50df89 @ Mon Aug  3 13:08:24 UTC 2026
// 同步 ID: 4b3ceab7 @ Tue Aug  4 10:55:32 UTC 2026
// 重构日志: f6a92589
// 重构日志: d91d0977
// 重构日志: 24ed8300
// 重构日志: 495d050c
// 同步 ID: d3a3b848 @ Thu Aug  6 00:49:46 UTC 2026
// 同步 ID: 01470278 @ Thu Aug  6 05:30:49 UTC 2026
// 重构日志: 0a0c72c2
// 重构日志: 4bc911a2
// 重构日志: 2c7ceee8
// 重构日志: 12e9c9bc
// 重构日志: d761bb46
// 同步 ID: a001ca77 @ Sat Aug  8 04:29:02 UTC 2026
// 重构日志: 602dce1f
// 同步 ID: 6b36cc01 @ Sat Aug  8 10:13:56 UTC 2026
// 同步 ID: fdfd294f @ Sat Aug  8 13:51:48 UTC 2026
// 同步 ID: 9fbe0b02 @ Sat Aug  8 16:30:28 UTC 2026
